../Src/011_i2c_master_rx_testing_IT.c:20:6:delay	16	static
../Src/011_i2c_master_rx_testing_IT.c:37:6:I2C1_GPIOInits	24	static
../Src/011_i2c_master_rx_testing_IT.c:58:6:I2C1_Inits	8	static
../Src/011_i2c_master_rx_testing_IT.c:68:6:GPIO_ButtonInit	24	static
../Src/011_i2c_master_rx_testing_IT.c:80:5:main	24	static
../Src/011_i2c_master_rx_testing_IT.c:141:6:I2C1_EV_IRQHandler	8	static
../Src/011_i2c_master_rx_testing_IT.c:146:6:I2C1_ER_IRQHandler	8	static
../Src/011_i2c_master_rx_testing_IT.c:151:6:I2C_ApplicationEventCallback	16	static
